// Jest Snapshot v1, https://goo.gl/fbAQLP

exports[`decode decodes an orcid to a Person 1`] = `
Object {
  "affiliations": Array [
    Object {
      "alternateNames": "Psychoceramics",
      "identifiers": Object {
        "propertyID": "RINGGOLD",
        "type": "PropertyValue",
        "value": "5468",
      },
      "name": "Wesleyan University",
      "type": "Organization",
    },
    Object {
      "alternateNames": "Psychoceramics",
      "identifiers": Object {
        "propertyID": "RINGGOLD",
        "type": "PropertyValue",
        "value": "6752",
      },
      "name": "Brown University",
      "type": "Organization",
    },
  ],
  "alternateNames": Array [
    "Josiah Stinkney Carberry",
    "J. Carberry",
    "J. S. Carberry",
  ],
  "familyNames": "Carberry",
  "givenNames": "Josiah",
  "id": "https://orcid.org/0000-0002-1825-0097",
  "identifiers": Object {
    "propertyID": "Scopus Author ID",
    "type": "PropertyValue",
    "value": "7007156898",
  },
  "schema:mainEntityOfPage": Object {
    "id": "https://orcid.org/0000-0002-1825-0097",
  },
  "type": "Person",
  "url": Array [
    Object {
      "id": "http://library.brown.edu/about/hay/carberry.php",
    },
    Object {
      "id": "http://en.wikipedia.org/wiki/Josiah_Carberry",
    },
  ],
}
`;
