// Jest Snapshot v1, https://goo.gl/fbAQLP

exports[`decode basic 1`] = `"data:image/png;base64,iVBORw0KGgoAAAANSUhEUgAAArwAAAHCCAYAAAANehpvAAAgAElEQVR4Xu29C5BV1Zm3//aF+9UOCAgIDd2CBlFUIAS5axBKyhTxMikvnxJEieLtQ3Gcmqjzn7I0iVJKIeONz/FSSUbGckonBBUQkaAgYhC1sbtprgEFkWvLrel/rY2nw4GGs/Y5+7Le3c+pSk05vdZ63/X89mkeFvvsk1dbW1srvCAAAQhAAAIQgAAEIJBQAnkIb0KTZVsQgAAEIAABCEAAAh4BhJcLAQIQgAAEIAABCEAg0QQQ3kTHy+YgAAEIQAACEIAABBBergEIQAACEIAABCAAgUQTQHgTHS+bgwAEIAABCEAAAhBAeLkGIAABCEAAAhCAAAQSTQDhTXS8bA4CEIAABCAAAQhAAOHlGoAABCAAAQhAAAIQSDQBhDfR8bI5CEAAAhCAAAQgAAGEl2sAAhCAAAQgAAEIQCDRBBDeRMfL5iAAAQhAAAIQgAAEEF6uAQhAAAIQgAAEIACBRBNAeBMdL5uDAAQgAAEIQAACEEB4uQYgAAEIQAACEIAABBJNAOFNdLxsDgIQgAAEIAABCEAA4eUagAAEIAABCEAAAhBINAGEN9HxsjkIQAACEIAABCAAAYSXawACEIAABCAAAQhAINEEEN5Ex8vmIAABCEAAAhCAAAQQXq4BCEAAAhCAAAQgAIFEE0B4Ex0vm4MABCAAAQhAAAIQQHi5BiAAAQhAAAIQgAAEEk0A4U10vGwOAhCAAAQgAAEIQADh5RqAAAQgAAEIQAACEEg0AYQ30fGyOQhAAAIQgAAEIAABhJdrAAIQgAAEIAABCEAg0QQQ3kTHy+YgAAEIQAACEIAABBBergEIQAACEIAABCAAgUQTQHgTHS+bgwAEIAABCEAAAhBAeLkGIAABCEAAAhCAAAQSTQDhTXS8bA4CEIAABCAAAQhAAOHlGoAABCAAAQhAAAIQSDQBhDfR8bI5CEAAAhCAAAQgAAGEl2sAAhCAAAQgAAEIQCDRBBDeRMfL5iAAAQhAAAIQgAAEEF6uAQhAAAIQgAAEIACBRBNAeBMdL5uDAAQgAAEIQAACEEB4uQYgAAEIQAACEIAABBJNAOFNdLxsDgIQgAAEIAABCEAA4eUagAAEIAABCEAAAhBINAGEN9HxsjkIQAACEIAABCAAAYSXawACEIAABCAAAQhAINEEEN5Ex8vmIAABCEAAAhCAAAQQXq4BCEAAAhCAAAQgAIFEE0B4Ex0vm4MABCAAAQhAAAIQQHi5BiAAAQhAAAIQgAAEEk0A4U10vGwOAhCAAAQgAAEIQADh5RqAAAQgAAEIQAACEEg0AYQ30fGyOQhAAAIQgAAEIAABhJdrAAIQgAAEIAABCEAg0QQQ3kTHy+YgAAEIQAACEIAABBBergEIQAACEIAABCAAgUQTQHgTHS+bgwAEIAABCEAAAhBAeLkGIAABCEAAAhCAAAQSTQDhTXS8bA4CEIAABCAAAQhAAOHlGoAABCAAAQhAAAIQSDQBhDfR8bI5CEAAAhCAAAQgAAGEl2sAAhCAAAQgAAEIQCDRBBDeRMfL5iAAAQhAAAIQgAAEEF6uAQhAAAIQgAAEIACBRBNAeBMdL5uDAAQgAAEIQAACEEB4uQYgAAEIQAACEIAABBJNAOFNdLxsDgIQgAAEIAABCEAA4eUagAAEIAABCEAAAhBINAGEN9HxsjkIQAACEIAABCAAAYSXawACEIAABCAAAQhAINEEEN5Ex8vmIAABCEAAAhCAAAQQXq4BCEAAAhCAAAQgAIFEE0B4Ex0vm4MABCAAAQhAAAIQQHi5BiAAAQhAAAIQgAAEEk0A4U10vGwOAhCAAAQgAAEIQADh5RqAAAQgAAEIQAACEEg0AYQ30fGyOQhAAAIQgAAEIAABhJdrAAIQgAAEIAABCEAg0QQQ3kTHy+YgAAEIQAACEIAABBBergEIQAACEIAABCAAgUQTQHgTHS+bgwAEIAABCEAAAhBAeLkGIAABCEAAAhCAAAQSTQDhTXS8bA4CEIAABCAAAQhAAOHlGoAABCAAAQhAAAIQSDQBhDfR8bI5CEAAAhCAAAQgAAGEl2sAAhCAAAQgAAEIQCDRBBDeRMfL5iAAAQhAAAIQgAAEEF6uAQhAAAIQgAAEIACBRBNAeBMdL5uDAAQgAAEIQAACEEB4uQYgAAEIQAACEIAABBJNAOFNdLxsDgIQgAAEIAABCEAA4eUagAAEIAABCEAAAhBINAGEN9HxsjkIQAACEIAABCAAAYSXawACEIAABCAAAQhAINEEEN5Ex8vmIAABCEAAAhCAAAQQXq4BCEAAAhCAAAQgAIFEE0B4Ex0vm4MABCAAAQhAAAIQQHi5BiAAAQhAAAIQgAAEEk0A4U10vGwOAhCAAAQgAAEIQADh5RqAAAQgAAEIQAACEEg0AYQ30fGyOQhAAAIQgAAEIAABhJdrAAIQgAAEIAABCEAg0QQQ3kTHy+YgAAEIQAACEIAABBBepdfAnj17pFmzZlJYWKh0B7R9MgJHjhwRk2+bNm2AlEAC+/fvl9raWu/9yyt5BHbu3CmtW7eW/Pz85G2uge/o8OHD8v3330urVq0aOAmd20d4debmCRHCqzS8DG0jvMnMNbUrhDfZ+SK8yc0X4dWdLcKrND+EV2lwFm0jvBaQFA9BeBWHZ9E6wmsBSekQhFdpcD+0jfAqzQ/hVRqcRdsIrwUkxUMQXsXhWbSO8FpAUjoE4VUaHMKrOziEV3d+p+oe4U1utmZnCG+y80V4k5svwqs7W054leaH8CoNzqJthNcCkuIhCK/i8CxaR3gtICkdgvAqDY4TXt3BIby68+OEN7n5ZdoZwpuJkO6fI7y68ztV9wiv7mw54VWaH8KrNDiLtjnhtYCkeAjCqzg8i9YRXgtISocgvEqD44RXd3AIr+78OOFNbn6ZdobwZiKk++cIr+78OOFNbn6c8CrNFuFVGpxF25zwWkBSPAThVRyeResIrwUkpUM44VUaHCe8uoNDeHXnxwlvcvPLtDOENxMh3T9HeHXnxwlvcvPjhFdptgiv0uAs2uaE1wKS4iEIr+LwLFpHeC0gKR3CCa/S4DjhtQ+uoqJCnnrqKVm/fr20b99ebrnlFunfv7/9AiGMRHhDgOrIkgivI0GE1AbCGxJYR5ZFeB0JIoQ2EN4QoEa4JCe8GWDX1tbKddddJzfddJOMGjVKPvzwQ3n00Ufltddek8aNG0cYVXophDc29KEXRnhDRxxrAYQ3VvyhF0d4Q0ccWwGENzb0gRRGeDNgPHDggLz//vty6aWX1o0cO3aszJ49Wzp27BhICNksgvBmQ03HHIRXR07ZdonwZktOxzyEV0dOfrtcuvZbmfPxRtnw7T4ZXHq6TBjcXVo3a+R3GcbHSADh9QHf/O1u7ty58tZbb8msWbMkPz/fx+xghyK8wfJ0aTWE16U0gu8F4Q2eqUsrIrwupRFML/M+3yq3vLwibbGf9PiR/HHST4IpwCqREEB4LTEvXbpUHnzwQe8eXvN/zzrrLG+mkeA4XtXV1dKkSRMpKCiIozw1QyRgbqMx+bZo0SLEKiwdF4GDBw+Kydi8f3klj8DevXu9925eXl7yNtdAd3Trqyvl3S+/OWH3C//vUOl6WrPIqBQWFkZWK4mFEF4fqZqTt5UrV3r38M6cOVNOP/10MSetcbxqamq8E2Z+qcZBP9yaRoZMvvxyC5dzXKub3yPmFee/EMW194ZQ1xyCmIMIfjcnI+3NO/fLtS+ulG/3HTphQy9c11cGdGsb2UZbtWoVWa0kFkJ4M6T63XffySeffOJ9YC31uueee2TcuHEyYsSI2K4JbmmIDX3ohbmlIXTEsRbgloZY8YdenFsaQkccSYHKbftk5sJyef2TzVIrtZIn6Sf2rZoWymcPjY6kF4oEQwDhzcBx165dcsMNN8gDDzwgAwcOlLVr14oR3unTp0txcXEwKWSxCsKbBTQlUxBeJUFl2SbCmyU4JdMQXiVBnaRNI7pPvLNG/vzZFqmtPTqoV4eWsu9gjWz67nvvv43s/mbcj+WqC7vo3mwD6x7htQh8+fLl8txzz8k333wjLVu2lGuuucY74Y3zhfDGST/c2ghvuHzjXh3hjTuBcOsjvOHyDWv1sq17ZMaC8jTRPadTa7ljVKlc1ufoE5mqtu2RtV/vlP49O/KEhrCCCHFdhDdEuGEujfCGSTfetRHeePmHXR3hDZtwvOsjvPHy91vdiO7v562Rd7/8um7q+V3byp2jSmVE79PTluM5vH7pujUe4XUrD+tuEF5rVOoGIrzqIvPVMMLrC5e6wQivjshWbdolT80vtxLd1I4QXh3ZnqxLhFdpfgiv0uAs2kZ4LSApHoLwKg7PonWE1wJSjEOM6P5uXpksLt9e18WA4iLvRHdwSbtTdobwxhhcAKUR3gAgxrEEwhsH9WhqIrzRcI6rCsIbF/lo6iK80XD2W2X5uh3eie6xontRt9Nk2pje0r97kdVyCK8VJmcHIbzORnPqxhBepcFZtI3wWkBSPAThVRyeResIrwWkCIcY0X1sbpl8vP67uqpDStt5H0azFd3URIQ3wuBCKIXwhgA1iiUR3igox1MD4Y2He1RVEd6oSMdTB+GNh/vxVZdUbJcn55fLsqodaaJ77+je0rdLm6yaRHizwubMJITXmSj8NYLw+uOlaTTCqykt/70ivP6ZaZqB8Mab1sKybzzR/XTjzrpGLjm7g3eim63ocsIbb6ZBVUd4gyIZ8ToIb8TAIyyH8EYIO4ZSCG8M0CMsifBGCPuYUicT3amje0nvjsF8JS8nvPFkG1RVhDcokhGvg/BGDDzCcghvhLBjKIXwxgA9wpIIb4SwReQvq7d6H0b7Ystur3BensjYczvJlJGlgYkuJ7zRZhpWNYQ3LLIhr4vwhgw4xuUR3hjhR1Aa4Y0AcowlEN7w4R+pFXn78/pF955Le0nP9i1CaYIT3lCwRrYowhsZ6mALIbzB8nRpNYTXpTSC7wXhDZ6pSysivOGlYUT3zb9tlhnzK6Ri216vUH6eyM/7dZbbRpSGJrqc8IaXaZQrI7xR0g6wFsIbIEzHlkJ4HQsk4HYQ3oCBOrYcwht8IDVHauWtVX+vV3TvvuQs6VrUPPii9azICW8kmEMrgvCGhjbchRHecPnGuTrCGyf98GsjvOEzjrMCwhscfSO6cz7ZJDMXVMiGHdXewo0K8uTKC7vKr4f3jEx0OeENLtM4V0J446SfQ22ENwd4jk9FeB0PKMf2EN4cATo+HeHNPaBDNbXy+sr6Rdc8XqxTm6a5F8liBU54s4Dm0BSE16Ew/LSC8PqhpWsswqsrL7/dIrx+iekaj/Bmn5cR3T8s2yCz3quQLbv2ews1KcyXXw44U24Z1jM20eWEN/tMXZqJ8LqUho9eEF4fsJQNRXiVBeazXYTXJzBlwxFe/4EdOHxE/rR8Y72ie9vIEmnfson/RUOYwQlvCFAjXBLhjRB2kKUQ3iBpurUWwutWHkF3g/AGTdSt9RBe+zyM6L60dJ08u2itbNt7wJvYvHGBXD+ou0wcUuyM6HLCa5+pyyMRXpfTOUVvCK/S4CzaRngtICkegvAqDs+idYQ3M6TqgzXy6kfr00S3VdNCufGnxfKri4ulbfNGmReJYQQnvDFAD7AkwhsgzCiXQnijpB1tLYQ3Wt5RV0N4oyYebT2E9+S8jejOXlIlzy9eKzurD3kDU6J789Ae0rppYbRh+ayG8PoE5thwhNexQGzbQXhtSekbh/Dqy8xPxwivH1r6xiK8J2a2e/9h79aFY0XXnOJOHNJDbhjU3XnRTe0I4dX3fjy2Y4RXaX4Ir9LgLNpGeC0gKR6C8CoOz6J1hPcfkIzoPvf+Wnnxr1WyZ/9h7wcp0Z0wuNi7X1fTC+HVlNaJvSK8SvNDeJUGZ9E2wmsBSfEQhFdxeBatI7zi3a7wwgdVaaJrnrQwaVgPuXZgN3WiywmvxYWvYAjCqyCk+lpEeJUGZ9E2wmsBSfEQhFdxeBatN2ThNaI7a1GlvLx0nZj7dc0rJbrm1gXzTF3NL054NacngvAqzQ/hVRqcRdsIrwUkxUMQXsXhWbTeEIXXPFLs+cVVaaJrvg1t8vASuaZ/V/WiywmvxYWvYAjCqyAkTniVhpRl2whvluCUTEN4lQSVZZsNSXiN6M5cUOF9O5p5pq55pUTXfDtao4K8LCm6OY0TXjdzse0K4bUl5dg4TngdCyTAdhDeAGE6uBTC62AoAbbUEITXfO3vM4sq00T3zKLmYr4VbXy/LokTXU54A3yDxLgUwhsj/FxKI7y50HN7LsLrdj65dofw5krQ7flJFl4juk/NL5c5KzbKoZpaL4iU6F55QRcpyE/Wie7xVxonvG6/9zJ1h/BmIuTozxFeR4MJoC2ENwCIDi+B8DocTgCtJVF4N+6olqffq0wT3ZL2LWXKqBK5vO8ZiRddTngDeGM4sATC60AI2bSA8GZDTccchFdHTtl2ifBmS07HvCQJrxHd6e9+JW+s3CxHjh7oSkp0x53XWRJ+oHvCBccJr4734Mm6RHiV5ofwKg3Oom2E1wKS4iEIr+LwLFpPgvBWbtsnMxeWp4nuOZ1ayx2jSuVnP+7Y4ESXE16LC1/BEIRXQUj1tYjwKg3Oom2E1wKS4iEIr+LwLFrXLLxGdJ94Z438+bMtUvvDiW5KdC/r09Fi98kewgmv7nwRXqX5IbxKg7NoG+G1gKR4CMKrODyL1jUKb9nWPTJjQXma6J7fta3cOapURvQ+3WLXDWMIwqs7Z4RXaX4Ir9LgLNpGeC0gKR6C8CoOz6J1TcJrRPf389bIu19+XbczRPfkISO8Fm8Ah4cgvA6Hc6rWEF6lwVm0jfBaQFI8BOFVHJ5F6xqEd9WmXd7jxY4V3QHFRd6J7uCSdha7bJhDEF7duSO8SvNDeJUGZ9E2wmsBSfEQhFdxeBatuyy8RnR/N69MFpdvr9vJRd1Ok2ljekv/7kUWu2vYQxBe3fkjvErzQ3iVBmfRNsJrAUnxEIRXcXgWrbsovMvX7fBOdI8V3SGl7bynLiC6FqH+MAThtWfl4kiE18VULHpCeC0gKR2C8CoNzrJthNcSlNJhLgmvEd3H5pbJx+u/q6NpRPfe0b2lb5c2SgnH1zbCGx/7ICojvEFQjGENhDcG6BGVRHgjAh1TGYQ3JvARlXVBeJdUbJcn55fLsqoddbu+5OwO3okuopv9hYDwZs/OhZkIrwspZNEDwpsFNCVTEF4lQWXZJsKbJTgl0+IU3oVl33ii++nGnWmiO3V0L+ndsZUSgu62ifC6m41NZwivDSUHxyC8DoYSUEsIb0AgHV0G4XU0mIDaikN4jxfdvDyRsed2kikjSxHdgHI1yyC8AcKMYSmENwboQZREeIOg6OYaCK+buQTVFcIbFEk314lSeP+yeqv3YbQvtuz2YKRE955Le0nP9i3cBKS4K4RXcXjm/VFbm/oCQd0baWjdI7zJTRzhTW62ZmcIb7LzDVt4j9SKvP15uujm54n8vF9nuW1EKaIb4uWF8IYIN4KlEd4IIIdRAuENg6obayK8buQQVhcIb1hk3Vg3LOE1ovvm3zbLjPkVUrFtr7fZlOjefclZ0rWouRsAEtwFwqs7XIRXaX4Ir9LgLNpGeC0gKR6C8CoOz6L1oIW35kitvLXq72mi26ggT668sKv8enhPRNcik6CGILxBkYxnHYQ3Hu45V0V4c0bo7AIIr7PRBNIYwhsIRmcXCUp4jejO+WSTzFxQIRt2VHv7TYmuebxYpzZNnWWQ1MYQXt3JIrxK80N4lQZn0TbCawFJ8RCEV3F4Fq3nKryHamrl9ZXpotukMF9+OeBMuWVYT0TXIoOwhiC8YZGNZl2ENxrOgVdBeANH6syCCK8zUYTSCMIbClZnFs1WeI3o/mHZBpn1XoVs2bXf209KdG8bWSLtWzZxZo8NtRGEV3fyCK/S/BBepcFZtI3wWkBSPAThVRyeRet+hffA4SPyp+Ub00S3eeMCuX5Qd5k4pBjRtWAe1RCENyrS4dRBeMPhGvqqCG/oiGMrgPDGhj6SwghvJJhjK2IrvNUHa+TVj9bLs4vWyra9B7x+U6I7eVhPadu8UWx7oHD9BBBe3VcGwqs0P4RXaXAWbSO8FpAUD0F4FYdn0Xom4TWiO3tJlTy/eK3srD7krdiqaaHc+NNi+dXFxYiuBeO4hiC8cZEPpm6DFt4NGzbI9OnTZe3atdKuXTuZNGmSDBw48ASyU6ZMkYqKCskzX2MjIi1atJDXXnstmASyXAXhzRKcgmkIr4KQcmgR4c0BnoKpJxPe3fsPy0tL19UrujcP7SGtmxYq2F3DbhHh1Z1/gxbeiRMnypgxY2T8+PGyYsUKefjhhz2Rbdo0/XEvN910kzz44IPSvXt3Z9JGeJ2JIvBGEN7AkTq1IMLrVByBN3O88BrRfe79tfLiX6tkz/7DXj1zu8LEIT3khkHdEd3AEwhvQYQ3PLZRrNxghbempkbmzp0rl112mRQWHv2b9RVXXCFPP/20dO7cOY391VdfLTNnzpT27dtHkYlVDYTXCpPKQQivytism0Z4rVGpHJgS3t37a+SFD6rqFd0Jg4u9+3V56SKA8OrK6/huG6zwHg+irKzMO+F95ZVXpKAg/RfR2LFjvVsdVq9eLUVFRTJhwoR6b32I8lJAeKOkHW0thDda3lFXQ3ijJh5tvfVbtsurK7fJKx+uF3O/rnmZR4pNGtZDrh3YDdGNNo5AqyG8geKMfDGEV0S2bt0q999/v9x+++1y0UUXpYVg5OPxxx+X4cOHywUXXCAffvihPProozJ79mzvxPfgwYORh2YKmj80GzduLPn5+bHUp2h4BGpra718mzVrFl4RVo6NwKFDRz+o1KgRn8KPLYQQCm/fd1BmL1kvr360Qb4/dMSr0K5FY5k4pLtcO6Cr90xdXroJGB8wf+Yff9tjVLsyf+bzyp5Agxde84G1hx56SCZPniyDBg2yIjl16lQxp74jR46Uffv2Wc0JepD5Q9OcRCO8QZONfz0jvCZffrnFn0UYHZjbqUzGqVupwqjBmtERMKL77OL1MmflFjHP1DWvjq2byMTB3WT8+R0R3eiiCL2SEV7z/o3rL6vmA/O8sifQoIV3y5YtMm3aNLnvvvukT58+9VI0J21VVVVy9tln1/38rrvu8j7oNnTo0OzJ5ziTWxpyBOjwdG5pcDicAFrjloYAIDqwhPk2tGcWVXrfjpYS3U5tmsqNAzvLjUNKpUkj7tF1IKZAW+CWhkBxRr5YgxZec1I7btw4GTZs2AngFyxYIP369fNOUa+77jrvKQ0XXnihLFu2TB555BF58cUXpW3btpEHliqI8MaGPvTCCG/oiGMtgPDGij/n4kZ0n5pfLnNWbBTzdcDmdWZRczFf/zu+XxfZt2eXtG7dmn99y5m0ewsgvO5l4qejBiu85r7d66+//oR/mnjggQfk4osvlquuusqTXHPy+9FHH8mzzz4r3377rXTo0EFuvfVWT4bjfCG8cdIPtzbCGy7fuFdHeONOILv6G3dUy9PvVdYrulde0EUK8o8+pz3TF09kV51ZLhBAeF1IIfseGqzwZo/MjZkIrxs5hNEFwhsGVXfWRHjdycKmEyO609/9St5YuVmOHD3QlZL2LWXKqBK5vO8ZdaKbWgvhtaGqcwzCqzO3VNcIr9L8EF6lwVm0jfBaQFI8BOHVEV7ltn0yc2F5vaI77rzO8sOB7gmbQXh15JtNlwhvNtTcmYPwupOFr04QXl+4VA1GeFXF5btZhNc3skgnGNF94p018ufPtkjtDye653RqLXeMKpWf/bjjSUWXE95IY4qlGMIbC/bAiiK8gaGMdiGEN1reUVZDeKOkHX0thDd65jYVy7bukRkLyusV3cv6dLRZwhvDCa81KnUDEV51kaU1jPAqzQ/hVRqcRdsIrwUkxUMQXrfCM6L7+3lr5N0vv65r7PyubeXOUaUyovfpvptFeH0jUzMB4VUTVb2NIrxK80N4lQZn0TbCawFJ8RCE143wVm3a5T1eLCjRTe0K4XUj3zC6QHjDoBrdmghvdKwDrYTwBorTqcUQXqfiCLwZhDdwpL4WNKL7u3llsrh8e928AcVF3onu4JJ2vtaqbzDCmzNCZxdAeJ2NxqoxhNcKk3uDEF73MgmqI4Q3KJJuroPwxpPL8nU7vBPdY0X3om6nybQxvaV/96LAmkJ4A0Pp3EIIr3OR+GoI4fWFy53BCK87WQTdCcIbNFG31kN4o83DiO5jc8vk4/Xf1RUeUtrOe+pCkKKbWhzhjTbfKKshvFHSDr4Wwhs800hWRHgjwRxLEYQ3FuyRFUV4o0G9pGK7PDm/XJZV7UgT3XtH95a+XdqE1gTCGxra2BdGeGOPIKcGEN6c8MU3GeGNj33YlRHesAnHuz7CGy7/hWXfeKL76caddYUuObuDd6Ibpuhywhturi6sjvC6kEL2PSC82bOLdSbCGyv+UIsjvKHijX1xhDecCI4X3bw8kbHndpIpI0uld8dW4RStZ1VOeCNDHXkhhDdy5IEWRHgDxRndYghvdKyjroTwRk082noIb7C8/7J6q/dhtC+27PYWTonuPZf2kp7tWwRbzGI1hNcCktIhCK/S4H5oG+FVmh/CqzQ4i7YRXgtIiocgvLmHd6RW5O3P00U3P0/k5/06y20jSmMR3dSuEN7c83V1BYTX1WTs+kJ47Tg5NwrhdS6SwBpCeAND6eRCCG/2sRjRffNvm2XG/Aqp2LbXWyglundfcpZ0LWqe/eIBzUR4AwLp4DIIr4Oh+GgJ4fUBy6WhCK9LaQTbC8IbLE/XVkN4/SdSc6RW3lr19zTRbVSQJ1de2FV+PbynE6LLCa//XLXNQHi1JZbeL8KrND+EV2lwFm0jvBaQFA9BeO3DM6I755NNMnNBhWzYUe1NTImueepCpzZN7ReLaCQnvBGBjqEMwhsD9ABLIrwBwoxyKTNu/c8AACAASURBVIQ3StrR1kJ4o+UddTWENzPxQzW18vrKdNFtUpgvvxxwptwyrKeTossJb+ZctY9AeHUniPAqzQ/hVRqcRdsIrwUkxUMQ3pOHZ0T3D8s2yKz3KmTLrv3ewJTo3jayRNq3bOJ88pzwOh9R1g0ivFmjc2IiwutEDP6bQHj9M9MyA+HVklR2fSK8J3I7cPiI/Gn5xjTRbd64QK4f1F0mDilWIbqc8Gb3ftA0C+HVlNaJvSK8SvNDeJUGZ9E2wmsBSfEQhPcf4RnRfWnpOnl20VrZtveA94OU6E4e1lPaNm+kLmlOeNVFZt0wwmuNysmBCK+TsWRuCuHNzEjrCIRXa3J2fSO8ItUHa+TVj9aniW6rpoVy40+L5VcXF6sUXU547a5/zaMQXs3piSC8SvNDeJUGZ9E2wmsBSfGQhiy8RnRnL6mS5xevlZ3Vh7wUU6J789Ae0rppoeJkj7bOCa/6CE+6AYRXd7YIr9L8EF6lwVm0jfBaQFI8pCEK7+79h71bF44VXXO7wsQhPeSGQd0TIbqc8Cp+U1q2jvBagnJ0GMLraDCZ2kJ4MxHS+3OEV292Np03JOE1ovvc+2vlxb9WyZ79hz08KdGdMLjYu183aS9OeJOW6D/2g/DqzhbhVZofwqs0OIu2EV4LSIqHNAThNbcrvPBBVZromkeKTRrWQ64d2C2RossJr+I3pWXrCK8lKEeHIbyOBpOpLYQ3EyG9P0d49WZn03mShdeI7qxFlfLy0nXeB9PMKyW65tYF80zdpL844U1uwgiv7mwRXqX5IbxKg7NoG+G1gKR4SBKF1zxS7PnFVWmia772d/LwErmmf9cGIbqc8Cp+U1q2jvBagnJ0GMLraDCZ2kJ4MxHS+3OEV292Np0nSXiN6M5cUOF9O5p5pq55pUTXfA1wo4I8GySJGsMJb6LiTNsMwqs7W4RXaX4Ir9LgLNpGeC0gKR6SBOE1X/v7zKLKNNE9s6i5mK//Hd+vS4MUXU54Fb8pLVtHeC1BOToM4XU0mExtIbyZCOn9OcKrNzubzjULrxHdp+aXy5wVG+VQTa233ZToXnlBFynIb3gnusdnzgmvzbtA5xiEV2duqa4RXqX5IbxKg7NoG+G1gKR4iEbh3bijWp5+rzJNdEvat5Qpo0rk8r5nILrHXI8Ir+I3Z4bWEV7d2SK8SvNDeJUGZ9E2wmsBSfEQTcJrRHf6u1/JGys3y5GjB7qSEt1x53UWDnRPvBARXsVvToQ3ueEJXy2sNlyEV210GRtHeDMiUj1Ag/BWbtsnMxeWp4nuOZ1ayx2jSuVnP+6I6J7iCkR4Vb89T9k8J7y6s+WEV2l+CK/S4CzaRngtICke4rLwGtF94p018ufPtkjtDye6KdG9rE9HxdSjax3hjY511JUQ3qiJB1sP4Q2WZ2SrIbyRoY68EMIbOfJIC7oovGVb98iMBeVpont+17Zy56hSGdH79Ej5aC+G8GpP8OT9I7y6s0V4leaH8CoNzqJthNcCkuIhLgmvEd3fz1sj7375dR1RRDe3iwvhzY2fy7MRXpfTydwbwpuZkZMjEF4nYwmkKYQ3EIzOLuKC8K7atMt7vNixojuguMg70R1c0s5ZdhoaQ3g1pJRdjwhvdtxcmYXwupKEzz4QXp/AFA1HeBWFlUWrcQqvEd3fzSuTxeXb6zq/qNtpMm1Mb+nfvSiL3TDleAIIb3KvCYRXd7YIr9L8EF6lwVm0jfBaQFI8JA7hXb5uh3eie6zoDilt5z11AdEN9mJCeIPl6dJqCK9LafjvBeH1z8yJGQivEzGE0gTCGwpWZxaNUniN6D42t0w+Xv9d3f6N6N47urf07dLGGSZJagThTVKa6XtBeHVni/AqzQ/hVRqcRdsIrwUkxUOiEN4lFdvlyfnlsqxqRx2pS87u4J3oIrrhXjwIb7h841wd4Y2Tfu61Ed7cGcayAsIbC/ZIiiK8kWCOrUiYwruw7BtPdD/duDNNdKeO7iW9O7aKbc8NqTDCm9y0EV7d2SK8SvNDeJUGZ9E2wmsBSfGQMIT3L6u3evfofrFlt0cmL09k7LmdZMrIUkQ34msF4Y0YeITlEN4IYYdQCuENAWoUSyK8UVCOpwbCGw/3qKoGJbxHakXe/rx+0b3n0l7Ss32LqLZEnWMIILzJvRwQXt3ZIrxK80N4lQZn0TbCawFJ8ZBchdeI7pt/2ywz5ldIxba9Hon8PJGf9+sst40oRXRjvjYQ3pgDCLE8whsi3AiWRngjgBxGCYQ3DKpurInwupFDWF1kK7w1R2rlrVV/r1d0777kLOla1DysllnXBwGE1wcsZUMRXmWBHdcuwqs0P4RXaXAWbSO8FpAUD/ErvEZ053yySWYuqJANO6q9nTcqyJMrL+wqvx7eE9F17FpAeB0LJMB2EN4AYcawFMIbA/QgSiK8QVB0cw2E181cgurKVngP1dTK6yvrF13zeLFObZoG1RLrBEgA4Q0QpmNLIbyOBeKzHYTXJzBXhiO8riQRfB8Ib/BMXVoxk/Aa0f3Dsg0y670K2bJrv9d6k8J8+eWAM+WWYT0RXZfCrKcXhNfxgHJoD+HNAZ4DUxFeixA2bNgg06dPl7Vr10q7du1k0qRJMnDgQIuZ4Q1BeMNjG/fKCG/cCYRb/2TCe+DwEfnT8o31iu5tI0ukfcsm4TbG6oEQQHgDwejkIgivk7FYN4XwWqCaOHGijBkzRsaPHy8rVqyQhx9+WF577TVp2jS+f1JEeC2CUzoE4VUanGXbxwuvEd2Xlq6TZxetlW17D3irNG9cINcP6i4ThxQjupZcXRmG8LqSRPB9ILzBM41yRYQ3A+2amhqZO3euXHbZZVJYWOiNvuKKK+Tpp5+Wzp07R5lVWi2ENzb0oRdGeENHHEuB3d8fkn976wvv2bm79x/2HiPWs10LeWnp+hNEd/KwntK2eaNY+qRobgQQ3tz4uTwb4XU5ncy9IbyZGaWNKCsr8054X3nlFSkoKPA5O7jhCG9wLF1bCeF1LZFg+rn5pY/lnS++Tlustvbot6K1alooN/60WH51cTGiGwzu2FZBeGNDH3phhDd0xKEWQHh94N26davcf//9cvvtt8tFF13kzTT/PBnH6+DBg96Jc35+fhzlqRkigdraWjH5NmnCPZshYo586d4Pza+35uShxTJhcDdp1SS+v0BHDiPBBc2fCea9m2f+JsMrUQTMYYSR3saNG8eyrzhvo4xlwwEXRXgtgZoPrD300EMyefJkGTRoUN2s77//3nKFYIcdOHBAGjVqhPAGi9WJ1Yzwmnz55eZEHDk3sedAjcxesl7+Y/G6E9Zq2aRQlt8/NOcaLOAOAYTXnSyC7sQI76FDh2I7jGjWrFnQW2pQ6yG8FnFv2bJFpk2bJvfdd5/06dPHYkb4Q7ilIXzGcVXgloa4yAdbd2f1IXnhgyp58a9Vsmf/YakVkePP/H5xQRd5/Orzgi3MarES4JaGWPGHWpxbGkLFG/riCK8F4qlTp8q4ceNk2LBhFqOjGYLwRsM5jioIbxzUg6tpRHfWokp5eek6qT5Y4y1sHil2w6BusnLjTlm+bocnwEZ2Hxx3jrRuxofTgqMf/0oIb/wZhNUBwhsW2WjWRXgzcDb37V5//fXe7QPHvh544AG5+OKLo0mpnioIb2zoQy+M8IaOOJQC5pFizy+uOkF0Jw3rITcM6u59eYR5ZfriiVCaY9HICCC8kaGOvBDCGznyQAsivIHijG4xhDc61lFXQnijJp5bPSO6MxdUeN+OZp6pa17ma38nDy+Ra/p3rRPdVBWENzfers9GeF1PKPv+EN7s2bkwE+F1IYUsekB4s4CmZArCqyMo87W/zyyqrFd0zdcANyqo/1P6CK+OfLPtEuHNlpz78xBe9zM6VYcIr9L8EF6lwVm0jfBaQIpxiBHdp+aXy5wVG+VQjfkomsiZRc3FfP3v+H5dTiq6nPDGGFqEpRHeCGFHXArhjRh4wOUQ3oCBRrUcwhsV6ejrILzRM7epuHFHtTz9XmWa6Ja0bylTRpXI5X3PkIJ8u+eucsJrQ1vvGIRXb3aZOkd4MxFy++cIr9v5nLQ7hFdpcBZtI7wWkCIcYkR3+rtfyRsrN8uRowe6khLdced1FkvPresY4Y0wvBhKIbwxQI+oJMIbEeiQyiC8IYENe1mEN2zC8a2P8MbH/tjKldv2ycyF5Wmie06n1nLHqFL52Y87+hbd1NoIrxv5htUFwhsW2fjXRXjjzyCXDhDeXOjFOBfhjRF+yKUR3pABZ1jeiO4T76yRP3+2RWp/ONFNie5lfTrm3BzCmzNCpxdAeJ2OJ6fmEN6c8MU+GeGNPYLsGkB4s+OmYRbCG09KZVv3yIwF5Wmie37XtnLnqFIZ0fv0wJpCeAND6eRCCK+TsQTSFMIbCMbYFkF4Y0OfW2GENzd+Ls9GeKNNx4ju7+etkXe//LqucBiim1oc4Y0236irIbxRE4+uHsIbHeswKiG8YVCNYE2ENwLIMZVAeKMBv2rTLu/xYseK7oDiIu9Ed3BJu9CaQHhDQ+vEwgivEzGE0gTCGwrWyBZFeCNDHWwhhDdYni6thvCGm4YR3d/NK5PF5dvrCl3U7TSZNqa39O9eFG5xvlo4dL5xF0B4404gvPoIb3hso1gZ4Y2Ccgg1EN4QoDqyJMIbThDL1+3wTnSPFd0hpe28py5EIbqpXXHCG06+rqyK8LqSRPB9ILzBM41yRYQ3StoB1kJ4A4Tp2FIIb7CBGNF9bG6ZfLz+u7qFjejeO7q39O3SJthiFqshvBaQFA9BeBWHl6F1hFd3tgiv0vwQXqXBWbSN8FpAshiypGK7PDm/XJZV7agbfcnZHbwT3ThElxNei9ASMAThTUCIJ9kCwqs7W4RXaX4Ir9LgLNpGeC0gnWLIwrJvPNH9dOPONNGdOrqX9O7YKrfFA5jNCW8AEB1eAuF1OJwcW0N4cwQY83SEN+YAsi2P8GZLzv15CG92GR0vunl5ImPP7SRTRpY6Ibqc8GaXq7ZZCK+2xOz7RXjtWbk4EuF1MRWLnhBeC0hKhyC8/oL7y+qt3ofRvtiy25uYEt17Lu0lPdu38LdYBKM54Y0AcowlEN4Y4YdcGuENGXDIyyO8IQMOa3mENyyy8a+L8GbO4EityNufp4tufp7Iz/t1lttGlDopupzwZs41CSMQ3iSkWP8eEF7d2SK8SvNDeJUGZ9E2wntySEZ03/zbZpkxv0Iqtu31BqZE9+5LzpKuRc0tCMc7hBPeePmHXR3hDZtwfOsjvPGxD6IywhsExRjWQHhjgB5RSYT3RNA1R2rlrVV/TxPdRgV5cuWFXeXXw3uqEF1OeCN6A8VcBuGNOYAQyyO8IcKNYGmENwLIYZRAeMOg6saaCO8/cjCiO+eTTTJzQYVs2FHt/SAluubxYp3aNHUjNB9dcMLrA5bCoQivwtAsW0Z4LUE5OgzhdTSYTG0hvJkI6f05wityqKZWXl+ZLrpNCvPllwPOlFuG9VQpupzw6n1P+ukc4fVDS9dYhFdXXsd3i/AqzQ/hVRqcRdsNWXiN6P5h2QaZ9V6FbNm136OVEt3bRpZI+5ZNLAi6PYQTXrfzybU7hDdXgu7OR3jdzcamM4TXhpKDYxBeB0MJqKWGKLwHDh+RPy3fmCa6zRsXyPWDusvEIcWJEF1OeAN6gzi+DMLreEA5tIfw5gDPgakIrwMhZNMCwpsNNR1zGpLwGtF9aek6eXbRWtm294AXUEp0Jw/rKW2bN9IRmo8uOeH1AUvhUIRXYWiWLSO8lqAcHYbwOhpMprYQ3kyE9P68IQhv9cEaefWj9Wmi26ppodz402L51cXFiRRdTnj1vif9dI7w+qGlayzCqyuv47tFeJXmh/AqDc6i7SQLrxHd2Uuq5PnFa2Vn9SGPRkp0bx7aQ1o3LbQgpHsIJ7y688vUPcKbiZDenyO8erMznSO8SvNDeJUGZ9F2EoV39/7D3q0Lx4quuV1h4pAecsOg7g1CdDnhtbj4EzAE4U1AiCfZAsKrO1uEV2l+CK/S4CzaTpLwGtF97v218uJfq2TP/sPe7lOiO2FwsXe/bkN7ccKb7MQR3uTmi/DqzhbhVZofwqs0OIu2kyC85naFFz6oShNd80ixScN6yLUDuzVI0eWE1+LiT8AQhDcBIXLCm8gQEV6lsSK8SoOzaFuz8BrRnbWoUl5euk7M/brmlRJdc+uCeaZuQ39xwpvsKwDhTW6+nPDqzhbhVZofwqs0OIu2NQqveaTY84ur0kTXfO3v5OElck3/rojuMbkjvBZvAsVDEF7F4WVoHeHVnS3CqzQ/hFdpcBZtaxJeI7ozF1R4345mnqlrXinRNV8D3Kggz2LHDWsIwpvsvBHe5OaL8OrOFuFVmh/CqzQ4i7Y1CK/52t9nFlWmie6ZRc3FfP3v+H5dEN1T5IzwWrwJFA9BeBWHxwlvcsPjsWR6s0V49WaXqXOXhXfjjmp5+r1KmbNioxyqqfW2khLdKy/oIgX5nOhmyhfhzURI988RXt35nap7Tnh1Z8sJr9L8EF6lwVm07aLwGtGd/u5X8sbKzXLkqOdKSfuWMmVUiVze9wxE1yLX1BCE1wcshUMRXoWhWbaM8FqCcnQYwutoMJnaQngzEdL7c5eEt3LbPpm5sLxe0R13XmfhQNf/dYbw+memaQbCqyktf70ivP54uTYa4XUtEct+EF5LUAqHuSC8RnSfeGeN/PmzLVL7w4nuOZ1ayx2jSuVnP+6I6OZwXSG8OcBTMBXhVRBSli0ivFmCc2QawutIEH7bQHj9EtMzPk7hLdu6R2YsKK9XdC/r01EPRIc7RXgdDieA1hDeACA6ugTC62gwlm0hvJagXBuG8LqWSHD9xCG8RnR/P2+NvPvl13UbOb9rW7lzVKmM6H16cJtjJUF4k30RILzJzRfh1Z0twqs0P4RXaXAWbUcpvKs27ZKn5pcjuha5BDUE4Q2KpJvrILxu5hJEVwhvEBTjWwPhjY99TpUR3pzwOT05CuE1ovu7eWWyuHx7HYsBxUXeie7gknZO89HeHMKrPcFT94/wJjdfhFd3tgiv0vwQXqXBWbQdpvAuX7fDO9E9VnQv6naaTBvTW/p3L7LojiG5EkB4cyXo9nyE1+18cukO4c2FXvxzEd74M8iqA4Q3K2wqJoUhvEZ0H5tbJh+v/66OwZDSdt5TFxDdaC8LhDda3lFXQ3ijJh5dPYQ3OtZhVEJ4w6AawZoIbwSQYyoRpPAuqdguT84vl2VVO9JE997RvaVvlzYx7bBhl0V4k50/wpvcfBFe3dkivErzQ3iVBmfRdhDCu7DsG090P924s67iJWd38E50EV2LEEIcgvCGCNeBpRFeB0IIqQWENySwES2L8EYEOugyCG/QRN1ZLxfhPZnoTh3dS3p3bOXOJhtwJwhvssNHeJObL8KrO1uEV2l+CK/S4CzazkZ4/7J6q/dhtC+27PYq5OWJjD23k0wZWYroWjCPcgjCGyXt6GshvNEzj6oiwhsV6XDqILzhcA19VYQ3dMSxFbAV3iO1Im9/Xr/o3nNpL+nZvkVse6DwyQkgvMm+OhDe5OaL8OrOFuFVmh/CqzQ4i7YzCa8R3Tf/tllmzK+Qim17vRXz80R+3q+z3DaiFNG1YBznEIQ3Tvrh10Z4w2ccVwWENy7ywdRt8MK7YMECmT59utx7770ydOjQeqlOmTJFKioqJM/8O7GItGjRQl577bVgEshyFYQ3S3AKpp1MeGuO1Mpbq/5er+jefclZ0rWouYLd0SLCm+xrAOFNbr4Ir+5sG7TwzpkzRz777DP59ttv5eqrrz6p8N50003y4IMPSvfu3Z1JG+F1JorAGzleeI3ozvlkk8xcUCEbdlR79RoV5MmVF3aVXw/viegGnkC4CyK84fKNe3WEN+4EwquP8IbHNoqVG7TwVlZWSo8ePWTatGly+eWXn1R4jQzPnDlT2rdvH0UmVjUQXitMKgelhLd5y9by+sr6Rdc8XqxTm6Yq99fQm0Z4k30FILzJzRfh1Z1tgxbeVHT33XffKYV37NixMnDgQFm9erUUFRXJhAkTvP+O84Xwxkk/3NoHDtXIf35QIf/vw02yZdd+r1iTwnz55YAz5ZZhPRHdcPGHvjrCGzriWAsgvLHiD7U4whsq3tAXR3hF5FTCa07bHn/8cRk+fLhccMEF8uGHH8qjjz4qs2fP9k589+3bF3pI9RU4dOiQFBQUSH5+fiz1KRo8gQOHj8jrn26V55esl627D9SJ7pX9OsmkId2kXYvGwRdlxcgJ1NTUSG1trRQWFkZem4LhEzh48KA0atSo7jMf4VekQlQEjA+Y96/JN46X+fwQr+wJILwZhLc+tFOnThVz6jty5Egxv9zieJlTosaNGyO8ccAPuKYR3VeXbZTnF6+T7fuOXk/NGuXLtQPPlAmDEd2Acce+nPnLqnnF9Ydm7AAS3kB1dbU0a9YM4U1gzkZ4zZ/5TZvGczuZ+TOfV/YEEN4MwmvEsqqqSs4+++w6ynfddZeMHz/+pPf8Zh+H/UxuabBn5erI6oM18upH6+XZRWtl296jJ7qtmhbK/xnUXa4+r52c2fFHrrZOXzkQ4JaGHOApmMotDQpCyrJFbmnIEpwj0xDekwiveVxZv379vNsGrrvuOu8pDRdeeKEsW7ZMHnnkEXnxxRelbdu2scWI8MaGPufCRnRnL6mS5xevlZ3VR0/7jOje+NNiuXloD2nZOF9Mvm3atMm5Fgu4RwDhdS+TIDtCeIOk6dZaCK9befjtpkEL7+TJk2X9+vViLmJzL6z5n3liw7Bhw+Sqq67yJLdPnz7y0UcfybPPPus9vqxDhw5y6623ejIc5wvhjZN+drV37z8sLy1dlya6bZs3kolDesgNg7pL66ZH7+nM9MUT2VVnlisEEF5XkginD4Q3HK4urIrwupBC9j00aOHNHlv8MxHe+DOw7cCI7nPvr5UX/1ole/Yf9qalRHfC4GJp3rggbSmE15asznEIr87cbLtGeG1J6RuH8OrL7NiOEV6l+SG87gdnbld44YOqNNFt37KJTBrWQ64d2O0E0U3tCOF1P9tcOkR4c6Hn/lyE1/2Msu0Q4c2WnBvzEF43cvDdBcLrG1lkE4zozlpUKS8vXSfmfl3zSomuuXXBPFP3VC+EN7KoYimE8MaCPbKiCG9kqCMvhPBGjjzQgghvoDijWwzhjY61bSXzpIXnF1elia75NrTJw0vkmv5dM4ouJ7y2pHWPQ3h155epe4Q3EyG9P0d49WZnOkd4leaH8LoTnBHdmQsq5A/LNoh5pq55pUTXfDtao4I8X81ywusLl7rBCK+6yHw1jPD6wqVqMMKrKq4TmkV4leaH8MYfnPna32cWVaaJ7plFzeW2kSUyvl8X36LLCW/8mUbRAcIbBeX4aiC88bEPuzLCGzbhcNdHeMPlG9rqCG9oaDMubET3qfnlMmfFRjlUU+uNT4nulRd0kYJ8fye6xxfkhDdjBKoHILyq48vYPMKbEZHaAQiv2ui8xhFepfkhvNEHt3FHtTz9XmWa6Ja0bylTRpXI5X3PyFl0OeGNPtM4KiK8cVCPribCGx3rqCshvFETD7Yewhssz8hWQ3gjQy1GdKe/+5W8sXKzHDl6oCsp0R13XmfJ8UD3hI1wwhtdtnFUQnjjoB5dTYQ3OtZRV0J4oyYebD2EN1ieka2G8IaPunLbPpm5sDxNdM/p1FruGFUqP/txx8BFlxPe8DN1oQLC60IK4fWA8IbHNu6VEd64E8itPsKbG7/YZiO84aE3ovvEO2vkz59tkdofTnRTontZn47hFf5hZU54Q0ccawGEN1b8oRdHeENHHFsBhDc29IEURngDwRj9Ighv8MzLtu6RGQvK00T3/K5t5c5RpTKi9+nBFzzJighvZKhjKYTwxoI9sqIIb2SoIy+E8EaOPNCCCG+gOKNbDOENjrUR3d/PWyPvfvl13aJxiG6qOMIbXLYuroTwuphKcD0hvMGxdG0lhNe1RPz1g/D64+XMaIQ39yhWbdrlPV7sWNEdUFzknegOLmmXe4EsV0B4swSnZBrCqySoLNtEeLMEp2AawqsgpFO0iPAqzQ/hzT44I7q/m1cmi8u31y1yUbfTZNqY3tK/e1H2Cwc0E+ENCKSjyyC8jgYTUFsIb0AgHVwG4XUwFB8tIbw+YLk0FOH1n8bydTu8E91jRXdIaTvvqQsuiG5qRwiv/2w1zUB4NaXlv1eE1z8zLTMQXi1J1d8nwqs0P4TXPjgjuo/NLZOP139XN8mI7r2je0vfLm3sF4poJMIbEeiYyiC8MYGPqCzCGxHoGMogvDFAD7AkwhsgzCiXQngz015SsV2enF8uy6p21A2+5OwO3omui6LLCW/mTJMwAuFNQoon3wPCm9x8EV7d2SK8SvNDeE8e3MKybzzR/XTjzjTRnTq6l/Tu2Mr5xDnhdT6inBpEeHPC5/xkhNf5iLJuEOHNGp0TExFeJ2Lw3wTCeyKz40U3L09k7LmdZMrIUhWiywmv//eBxhkIr8bU7HtGeO1ZaRuJ8GpLLL1fhFdpfgjvP4L7y+qt3ofRvtiy2/t/pkT3nkt7Sc/2LdQlzAmvush8NYzw+sKlbjDCqy4y64YRXmtUTg5EeJ2MJXNTDV14j9SKvP15uujm54n8vF9nuW1EqUrR5YQ383WfhBEIbxJSPPkeEN7k5ovw6s4W4VWaX0MVXiO6b/5ts8yYXyEV2/Z66aVE9+5LzpKuRc2VJvqPtjnhVR/hKTeA8CY7X4Q3ufkivLqzRXiV5tfQhLfmSK28tervaaLbqCBPrrywq/x6eM9EiC4nvErfjD7bRnh9AlM2HOFVFpiPdhFeH7AcHIrwOhiKTUsNRXiN6M75ZJPMXFAhG3ZUe2hSomseL9apTVMbXKrGcMKrKi7fzSK8vpGpmoDwqorLV7MIry9czg1GeJ2LxK6hpAvvoZpaeX1luug291ykAgAAFI1JREFUKcyXXw44U24Z1jORossJr921r30Uwqs9wVP3j/AmN1+EV3e2CK/S/JIqvEZ0/7Bsg8x6r0K27NrvpZMS3dtGlkj7lk2UJmbfNie89qw0jkR4NaZm3zPCa89K20iEV1ti6f0ivErzS5rwHjh8RP60fGOa6DZvXCDXD+ouE4cUNwjR5YRX6ZvRZ9sIr09gyoYjvMoC89EuwusDloNDEV4HQ7FpKSnCW32wRl79aL08u2itbNt7wNt6SnQnD+spbZs3ssGRqDGc8CYqzhM2g/AmO1+EN7n5Iry6s0V4leanXXiN6M5eUiXPL14rO6sPeSm0alooN/60WH51cXGDFF1OeJW+GX22jfD6BKZsOMKrLDAf7SK8PmA5OBThdTAUm5a0Cu/u/YflpaXr6hXdm4f2kNZNC222n+gxnPAmOl5BeJOdL8Kb3HwRXt3ZIrxK89MmvEZ0n3t/rbz41yrZs/+wR93crjBxSA+5YVB3RPeY6xDhVfqmtGwb4bUEpXQYwqs0OIu2EV4LSA4PQXgdDudUrWkRXnO7wgsfVNUruhMGF3v36/JKJ4DwJvuKQHiTnS/Cm9x8EV7d2SK8SvNzXXiN6M5aVCkvL10n5n5d8zKPFJs0rIdcO7AbonuK6w7hVfqmtGwb4bUEpXQYwqs0OIu2EV4LSA4PQXgdDkfjCa950sLzi6vqFV1z64J5pi6vUxNAeJN9hSC8yc4X4U1uvgiv7mwRXqX5uXbCa0TXfP2v+dII80xd8zJf+zt5eIlc078rouvjOkN4fcBSOBThVRiaj5YRXh+wlA1FeJUFdly7CK/S/FwRXvNtaM8sqqxXdM3XADcqyFNKOL62Ed742EdRGeGNgnJ8NRDe+NiHXRnhDZtwuOsjvOHyDW31uIXXiO5T88tlzoqNYr4O2LzOLGou5ut/x/frgujmkDzCmwM8BVMRXgUh5dAiwpsDPMenIryOB5ShPYRXaX5xCe/GHdXy9HuV9YrulRd0kYJ8TnRzvaQQ3lwJuj0f4XU7n1y7Q3hzJejufITX3WxsOkN4bSg5OCZq4TWiO/3dr+SNlZvlyNEDXSlp31KmjCqRy/uegegGeI0gvAHCdHAphNfBUAJsCeENEKZjSyG8jgXisx2E1ycwV4ZHJbyV2/bJzIXl9YruuPM6Cwe6wV8RCG/wTF1aEeF1KY3ge0F4g2fqyooIrytJZNcHwpsdt9hnhS28RnSfeGeN/PmzLVL7w4nuOZ1ayx2jSuVnP+6I6IZ4BSC8IcJ1YGmE14EQQmwB4Q0RbsxLI7wxB5BjeYQ3R4BxTQ9LeMu27pEZC8rrFd3L+nSMa7sNqi7Cm+y4Ed5k54vwJjdfhFd3tgiv0vyCFl4jur+ft0be/fLrOiLnd20rd44qlRG9T1dKSWfbCK/O3Gy7RnhtSekch/DqzM2ma4TXhpK7YxBed7M5ZWdBCe+qTbu8x4shuu5cCAivO1mE0QnCGwZVd9ZEeN3JIuhOEN6giUa7HsIbLe/AquUqvEZ0fzevTBaXb6/raUBxkXeiO7ikXWB9spB/Agivf2aaZiC8mtLy3yvC65+ZlhkIr5ak6u8T4VWaX7bCu3zdDu9E91jRvajbaTJtTG/p371IKY1ktY3wJivP43eD8CY7X4Q3ufkivLqzRXiV5udXeI3oPja3TD5e/13djoeUtvOeuoDounURILxu5RF0Nwhv0ETdWg/hdSuPILtBeIOkGf1aCG/0zAOpaCu8Syq2y5Pzy2VZ1Y400b13dG/p26VNIL2wSLAEEN5gebq2GsLrWiLB9oPwBsvTpdUQXpfS8N8LwuufmRMzMgnvwrJvPNH9dOPOun4vObuDd6KL6DoR4UmbQHjdzifX7hDeXAm6PR/hdTufXLpDeHOhF/9chNcygwULFsj06dPl3nvvlaFDh1rOCm/YyYT3eNHNyxMZe24nmTKyVHp3bBVeQ6wcGAGENzCUTi6E8DoZS2BNIbyBoXRuIYTXuUh8NYTwWuCaM2eOfPbZZ/Ltt9/K1Vdf7YTwzl+9Udq1biHnnXn0g2Z/Wb3V+zDaF1t2e/+dEt17Lu0lPdu3sNglQ1whgPC6kkQ4fSC84XB1ZVWE15Ukgu8D4Q2eaZQrIrwWtCsrK6VHjx4ybdo0ufzyy2MV3tdWbJL/783PZff+w17nZ3VoJXlSK2u+3uv9d36eyM/7dZbbRpQiuhbZujgE4XUxleB6QniDY+niSgivi6kE0xPCGwzHuFZBeH2Qv++++2IV3t3fH5K+D799Qse1tUdPdMdf0FnuvuQs6VrU3MeuGOoaAYTXtUSC7QfhDZana6shvK4lElw/CG9wLONYCeH1Qb0+4TX30kb1WrZ+p/zqlVUnlGvXorG8cuP50rlt06haoU6IBGpra6WmpkYKCwtDrMLScREwf6Exr/z8/LhaoG6IBIwUFRQUSJ45heCVKALmd7N5/5p843i1asXncHLhjvD6oFef8JpfblG9Pv/7brni6aUnlBvfr7P89hd9omqDOiETML9Uq6urpUUL7r0OGXUsyx88eNCr27hx41jqUzRcAnv37vXeuwhvuJzjWN0cRJj3b7NmzeIozyFIjtQRXh8A476lwbQ65sn35cst6afKf5j0ExnU40c+dsJQlwlwS4PL6eTeG7c05M7Q5RW4pcHldHLrjVsacuMX92yE10cCLgivuY/3hQ+qZEn5N9K2RRP51ZAeyK6PDDUMRXg1pJR9jwhv9uw0zER4NaSUXY8Ib3bcXJmF8FokMXnyZFm/fr2Yi93cd2f+Z57YMGzYMIvZ4QzJ9MUT4VRl1SgIILxRUI6vBsIbH/soKiO8UVCOpwbCGw/3oKoivEGRjHgdhDdi4BGWQ3gjhB1DKYQ3BugRlkR4I4QdcSmEN2LgAZdDeAMGGtVyCG9UpKOvg/BGzzzKighvlLSjr4XwRs88qooIb1Skw6mD8IbDNfRVEd7QEcdWAOGNDX0khRHeSDDHVgThjQ196IUR3tARh1oA4Q0Vb3iLI7zhsY17ZYQ37gTCrY/whss37tUR3rgTCK8+whse2yhWRnijoBxCDYQ3BKiOLInwOhJESG0gvCGBdWRZhNeRIEJoA+ENAWqESyK8EcIOshTCGyRNt9ZCeN3KI+huEN6gibq1HsLrVh5BdoPwBkkz+rUQ3uiZB1IR4Q0Eo5OLILxOxhJYUwhvYCidXAjhdTKWQJpCeAPBGNsiCG9s6HMrjPDmxs/l2Qivy+nk3hvCmztDl1dAeF1OJ7feEN7c+MU9G+GNO4Es6yO8WYJTMA3hVRBSDi0ivDnAUzAV4VUQUpYtIrxZgnNkGsLrSBB+20B4/RLTMx7h1ZNVNp0ivNlQ0zMH4dWTld9OEV6/xNwaj/C6lYd1NwivNSp1AxFedZH5ahjh9YVL3WCEV11k1g0jvNaonByI8DoZS+amEN7MjLSOQHi1JmfXN8Jrx0nrKIRXa3KZ+0Z4MzNyeQTC63I6p+gN4VUanEXbCK8FJMVDEF7F4Vm0jvBaQFI6BOFVGtwPbSO8uvOjewhAAAIQgAAEIACBDAQQXi4RCEAAAhCAAAQgAIFEE0B4Ex0vm4MABCAAAQhAAAIQQHi5BiAAAQhAAAIQgAAEEk0A4VUYb0VFhfzbv/2b9O/fX6ZMmaJwB7RsCNTU1MgLL7wgr732msyZM0fatGlzAphDhw7J2LFjpVGjRnU/GzRokPzrv/4rEBUSePnll+V///d/5eDBgzJgwAC56667pGnTpgp30rBb3rBhg0yfPl3Wrl0r7dq1k0mTJsnAgQNPgGJ+P5vf13l5ed7PWrRo4b3feekjsHDhQvnP//xPMR9KLCkpkbvvvls6d+6sbyMNuGOEV1n4n3/+ucyYMUO6d+/u/fJEeJUFeEy7Dz74oPTs2VNeffVV+a//+q96hXfHjh1y8803y3//93/r3SidewTef/99mT17tjz++OPee/c3v/mNnHvuuXL99ddDSBmBiRMnypgxY2T8+PGyYsUKefjhhz2RPf4vLzfddJOY97n5fc1LL4FNmzbJHXfc4b13u3XrJs8//7xUVlbKY489pndTDbBzhFdZ6Js3b5aioiJ5/fXXxcgQwqsswGPaNb8wjfCOHj36pMK7ceNG+Zd/+Rd56aWX9G6Uzj0Ca9asEXNi36dPH++/zV9ivvrqK/nnf/5nCCkiYP5lZu7cuXLZZZdJYWGh1/kVV1whTz/99AknfldffbXMnDlT2rdvr2iHtHo8ga1bt4r5XWz+VdW8vvzyS/n3f/9377CClx4CCK+erNI6NW80hFdpeMe1fSrhNb9YH3roIenatausW7dOevTo4Z00dOnSJRmbb8C7MH+R+clPfiLjxo1rwBT0b72srMw74X3llVekoKAgbUPmdiRzq8Pq1au9g4oJEybUe+uDfgoNZwf79u3z/nLTrFkzuf322xvOxhOwU4RXaYgIr9Lg6mn7VMK7fv167zT/F7/4hXTs2FHMPaAfffSRPPvss8kB0AB3YnJctWqVPProoydIUgPEoXbL5uTv/vvv98TnoosuStuH+QIZ80/gw4cPlwsuuEA+/PBDL29zWwsnvjojN793za0r5l9pzOdoWrVqpXMjDbRrhFdp8Aiv0uB8Cu/xw803/ZgTQXOa9KMf/Sg5EBrITmpra73TIXNPoLm3kw+s6Q3efGDN/OvL5MmTxXyQ1OY1depU70OoI0eOtBnOGAcJmG9KfPPNN+Wdd96RZ555pu4DiQ62SkvHEUB4lV4SCK/S4HwK77fffit79+71PihhXuYe0Msvv/yk9/wmh0oyd/If//Efsn37du9UMHX/ZzJ3muxdbdmyRaZNmyb33Xdf3T3Zx+/YiFFVVZWcffbZdT8yT+UwH3QbOnRosgElbHfm8xa7d++Wfv36eTsz93GbDy3+8Y9/9G5V4aWDAMKrI6cTukR4lQZnIbzmHrHFixd7H4pZtmyZPPnkk94/jZ5++uneh9fMp8LNkzp46SJgbmEwp7smu2MfM6drF3RrCJiTWvMvLcOGDTsByIIFCzwxMvfzXnfddd5J/oUXXui9lx955BF58cUXpW3btoBURGD58uXe7+AnnnhCzjjjDHn77bflueee8w4eUo+cU7SdBtsqwqss+lmzZnn/nGL+hmle5peq+Scybp7XFaQ5Lfinf/onr2lzapsSIPMXmT179niPIps3b573c3OK8MYbb3jPbu3Vq5fceeed3v28vHQR+O1vfyvz589Pu2fXnNyb9zQvPQTMfbvmUXLH/6XlgQcekIsvvliuuuoqT3LNfZ6p++3Nv9R06NBBbr311rpTQj07plNDwMjt//zP/4g5kOjUqZN3K0vfvn2Bo4gAwqsoLFqFAAQgAAEIQAACEPBPAOH1z4wZEIAABCAAAQhAAAKKCCC8isKiVQhAAAIQgAAEIAAB/wQQXv/MmAEBCEAAAhCAAAQgoIgAwqsoLFqFAAQgAAEIQAACEPBPAOH1z4wZEIAABCAAAQhAAAKKCCC8isKiVQhAAAIQgAAEIAAB/wQQXv/MmAEBCEAAAhCAAAQgoIgAwqsoLFqFAAQgAAEIQAACEPBPAOH1z4wZEIAABCAAAQhAAAKKCCC8isKiVQhAAAIQgAAEIAAB/wQQXv/MmAEBCEAAAhCAAAQgoIgAwqsoLFqFAAQgAAEIQAACEPBPAOH1z4wZEIAABCAAAQhAAAKKCCC8isKiVQhAAAIQgAAEIAAB/wQQXv/MmAEBCEAAAhCAAAQgoIgAwqsoLFqFAAQgAAEIQAACEPBPAOH1z4wZEIAABCAAAQhAAAKKCCC8isKiVQhAAAIQgAAEIAAB/wQQXv/MmAEBCEAAAhCAAAQgoIgAwqsoLFqFAAQgAAEIQAACEPBPAOH1z4wZEIAABCAAAQhAAAKKCCC8isKiVQhAAAIQgAAEIAAB/wQQXv/MmAEBCEAAAhCAAAQgoIgAwqsoLFqFAAQgAAEIQAACEPBPAOH1z4wZEIAABCAAAQhAAAKKCCC8isKiVQhAAAIQgAAEIAAB/wQQXv/MmAEBCEAAAhCAAAQgoIgAwqsoLFqFAAQgAAEIQAACEPBPAOH1z4wZEIAABCAAAQhAAAKKCCC8isKiVQhAAAIQgAAEIAAB/wQQXv/MmAEBCEAAAhCAAAQgoIgAwqsoLFqFAAQgAAEIQAACEPBPAOH1z4wZEIAABCAAAQhAAAKKCCC8isKiVQhAAAIQgAAEIAAB/wQQXv/MmAEBCEAAAhCAAAQgoIgAwqsoLFqFAAQgAAEIQAACEPBPAOH1z4wZEIAABCAAAQhAAAKKCCC8isKiVQhAAAIQgAAEIAAB/wQQXv/MmAEBCEAAAhCAAAQgoIgAwqsoLFqFAAQgAAEIQAACEPBPAOH1z4wZEIAABCAAAQhAAAKKCCC8isKiVQhAAAIQgAAEIAAB/wQQXv/MmAEBCEAAAhCAAAQgoIgAwqsoLFqFAAQgAAEIQAACEPBPAOH1z4wZEIAABCAAAQhAAAKKCCC8isKiVQhAAAIQgAAEIAAB/wQQXv/MmAEBCEAAAhCAAAQgoIgAwqsoLFqFAAQgAAEIQAACEPBPAOH1z4wZEIAABCAAAQhAAAKKCCC8isKiVQhAAAIQgAAEIAAB/wQQXv/MmAEBCEAAAhCAAAQgoIgAwqsoLFqFAAQgAAEIQAACEPBPAOH1z4wZEIAABCAAAQhAAAKKCCC8isKiVQhAAAIQgAAEIAAB/wQQXv/MmAEBCEAAAhCAAAQgoIgAwqsoLFqFAAQgAAEIQAACEPBPAOH1z4wZEIAABCAAAQhAAAKKCCC8isKiVQhAAAIQgAAEIAAB/wQQXv/MmAEBCEAAAhCAAAQgoIgAwqsoLFqFAAQgAAEIQAACEPBPAOH1z4wZEIAABCAAAQhAAAKKCCC8isKiVQhAAAIQgAAEIAAB/wQQXv/MmAEBCEAAAhCAAAQgoIgAwqsoLFqFAAQgAAEIQAACEPBPAOH1z4wZEIAABCAAAQhAAAKKCCC8isKiVQhAAAIQgAAEIAAB/wT+f8wgll7VYhDZAAAAAElFTkSuQmCC"`;
